
C:\Sites\tickets>rails g migration AddPhoneToTickets phone:string
      invoke  active_record
      create    db/migrate/20190212120000_add_phone_to_tickets.rb

C:\Sites\tickets>rake db:migrate
== 20190212120000 AddPhoneToTickets: migrating ================================
-- add_column(:tickets, :phone, :string)
   -> 0.0074s
== 20190212120000 AddPhoneToTickets: migrated (0.0080s) =======================


C:\Sites\tickets>rails s
=> Booting Puma
=> Rails 5.1.6.1 application starting in development
=> Run `rails server -h` for more startup options
*** SIGUSR2 not implemented, signal based restart unavailable!
*** SIGUSR1 not implemented, signal based restart unavailable!
*** SIGHUP not implemented, signal based logs reopening unavailable!
Puma starting in single mode...
* Version 3.12.0 (ruby 2.3.3-p222), codename: Llamas in Pajamas
* Min threads: 5, max threads: 5
* Environment: development
* Listening on tcp://0.0.0.0:3000
Use Ctrl-C to stop
Started GET "/tickets" for 127.0.0.1 at 2019-02-12 12:06:12 +0000
   (1.0ms)  SELECT "schema_migrations"."version" FROM "schema_migrations" ORDER BY "schema_migrations"."version" ASC
Processing by TicketsController#index as HTML
  Rendering tickets/index.html.erb within layouts/application
  Ticket Load (2.0ms)  SELECT "tickets".* FROM "tickets"
  Rendered tickets/index.html.erb within layouts/application (75.2ms)
Completed 200 OK in 1855ms (Views: 1580.5ms | ActiveRecord: 9.0ms)


Started GET "/tickets" for 127.0.0.1 at 2019-02-12 12:14:29 +0000
Processing by TicketsController#index as HTML
  Rendering tickets/index.html.erb within layouts/application
  Ticket Load (1.0ms)  SELECT "tickets".* FROM "tickets"
  Rendered tickets/index.html.erb within layouts/application (13.0ms)
Completed 200 OK in 1024ms (Views: 805.9ms | ActiveRecord: 2.0ms)


Started GET "/tickets/1/edit" for 127.0.0.1 at 2019-02-12 12:14:35 +0000
Processing by TicketsController#edit as HTML
  Parameters: {"id"=>"1"}
  Ticket Load (1.0ms)  SELECT  "tickets".* FROM "tickets" WHERE "tickets"."id" = ? LIMIT ?  [["id", 1], ["LIMIT", 1]]
  Rendering tickets/edit.html.erb within layouts/application
  Rendered tickets/_form.html.erb (192.3ms)
  Rendered tickets/edit.html.erb within layouts/application (419.2ms)
Completed 200 OK in 1454ms (Views: 1209.9ms | ActiveRecord: 1.0ms)


Started PATCH "/tickets/1" for 127.0.0.1 at 2019-02-12 12:14:52 +0000
Processing by TicketsController#update as HTML
  Parameters: {"utf8"=>"?", "authenticity_token"=>"x5AN4+2Q5YsP4McS7Hp9s4UnH44XcLYVbVutXZzdo/d0kVgeMGaBOgOZrFfL7KWXyz/j/Br18f9g1prHAjkgHQ==", "ticket"=>{"name"=>"Alan Tickmarsh", "seat_id_seq"=>"1A", "address"=>"125 Thronch Way", "price_paid"=>"125.0", "email_address"=>"at@aol.co.uk", "phone"=>"0741414102021"}, "commit"=>"Update Ticket", "id"=>"1"}
  Ticket Load (2.0ms)  SELECT  "tickets".* FROM "tickets" WHERE "tickets"."id" = ? LIMIT ?  [["id", 1], ["LIMIT", 1]]
Unpermitted parameter: :phone
   (0.0ms)  begin transaction
   (1.0ms)  commit transaction
Redirected to http://127.0.0.1:3000/tickets/1
Completed 302 Found in 15ms (ActiveRecord: 3.0ms)


Started GET "/tickets/1" for 127.0.0.1 at 2019-02-12 12:14:52 +0000
Processing by TicketsController#show as HTML
  Parameters: {"id"=>"1"}
  Ticket Load (1.0ms)  SELECT  "tickets".* FROM "tickets" WHERE "tickets"."id" = ? LIMIT ?  [["id", 1], ["LIMIT", 1]]
  Rendering tickets/show.html.erb within layouts/application
  Rendered tickets/show.html.erb within layouts/application (1.0ms)
Completed 200 OK in 1018ms (Views: 795.0ms | ActiveRecord: 1.0ms)


Started GET "/tickets" for 127.0.0.1 at 2019-02-12 12:15:10 +0000
Processing by TicketsController#index as HTML
  Rendering tickets/index.html.erb within layouts/application
  Ticket Load (1.0ms)  SELECT "tickets".* FROM "tickets"
  Rendered tickets/index.html.erb within layouts/application (6.4ms)
Completed 200 OK in 1052ms (Views: 836.9ms | ActiveRecord: 1.0ms)


Started GET "/tickets/1" for 127.0.0.1 at 2019-02-12 12:15:30 +0000
Processing by TicketsController#show as HTML
  Parameters: {"id"=>"1"}
  Ticket Load (1.0ms)  SELECT  "tickets".* FROM "tickets" WHERE "tickets"."id" = ? LIMIT ?  [["id", 1], ["LIMIT", 1]]
  Rendering tickets/show.html.erb within layouts/application
  Rendered tickets/show.html.erb within layouts/application (2.0ms)
Completed 200 OK in 1021ms (Views: 800.1ms | ActiveRecord: 1.0ms)


Started GET "/tickets" for 127.0.0.1 at 2019-02-12 12:15:34 +0000
Processing by TicketsController#index as HTML
  Rendering tickets/index.html.erb within layouts/application
  Ticket Load (1.0ms)  SELECT "tickets".* FROM "tickets"
  Rendered tickets/index.html.erb within layouts/application (11.0ms)
Completed 200 OK in 1069ms (Views: 860.9ms | ActiveRecord: 1.0ms)


Started GET "/tickets/5/edit" for 127.0.0.1 at 2019-02-12 12:18:21 +0000
Processing by TicketsController#edit as HTML
  Parameters: {"id"=>"5"}
  Ticket Load (1.0ms)  SELECT  "tickets".* FROM "tickets" WHERE "tickets"."id" = ? LIMIT ?  [["id", 5], ["LIMIT", 1]]
  Rendering tickets/edit.html.erb within layouts/application
  Rendered tickets/_form.html.erb (6.0ms)
  Rendered tickets/edit.html.erb within layouts/application (226.9ms)
Completed 200 OK in 1245ms (Views: 1035.8ms | ActiveRecord: 1.0ms)


Started PATCH "/tickets/5" for 127.0.0.1 at 2019-02-12 12:18:39 +0000
Processing by TicketsController#update as HTML
  Parameters: {"utf8"=>"?", "authenticity_token"=>"1z1y1bcq3IIGyweqSu08OlHmS8Dt2IQknMI89Rcp2Q5CbKO/tN/PXlqmF3O3RBQoDPRuEVLPFFOxgfJomhYhtA==", "ticket"=>{"name"=>"Tim Horton", "seat_id_seq"=>"12B", "address"=>"99 Alamos Drv.", "price_paid"=>"80.0", "email_address"=>"thorton@lumix.com", "phone"=>"07465257035"}, "commit"=>"Update Ticket", "id"=>"5"}
  Ticket Load (1.0ms)  SELECT  "tickets".* FROM "tickets" WHERE "tickets"."id" = ? LIMIT ?  [["id", 5], ["LIMIT", 1]]
Unpermitted parameter: :phone
   (0.0ms)  begin transaction
   (0.0ms)  commit transaction
Redirected to http://127.0.0.1:3000/tickets/5
Completed 302 Found in 12ms (ActiveRecord: 1.0ms)


Started GET "/tickets/5" for 127.0.0.1 at 2019-02-12 12:18:39 +0000
Processing by TicketsController#show as HTML
  Parameters: {"id"=>"5"}
  Ticket Load (1.0ms)  SELECT  "tickets".* FROM "tickets" WHERE "tickets"."id" = ? LIMIT ?  [["id", 5], ["LIMIT", 1]]
  Rendering tickets/show.html.erb within layouts/application
  Rendered tickets/show.html.erb within layouts/application (2.0ms)
Completed 200 OK in 989ms (Views: 773.8ms | ActiveRecord: 1.0ms)


Started GET "/tickets" for 127.0.0.1 at 2019-02-12 12:18:45 +0000
Processing by TicketsController#index as HTML
  Rendering tickets/index.html.erb within layouts/application
  Ticket Load (1.0ms)  SELECT "tickets".* FROM "tickets"
  Rendered tickets/index.html.erb within layouts/application (8.0ms)
Completed 200 OK in 980ms (Views: 775.9ms | ActiveRecord: 1.0ms)


- Gracefully stopping, waiting for requests to finish
=== puma shutdown: 2019-02-12 12:19:17 +0000 ===
- Goodbye!
Exiting
Terminate batch job (Y/N)? y

C:\Sites\tickets>rails s
=> Booting Puma
=> Rails 5.1.6.1 application starting in development
=> Run `rails server -h` for more startup options
*** SIGUSR2 not implemented, signal based restart unavailable!
*** SIGUSR1 not implemented, signal based restart unavailable!
*** SIGHUP not implemented, signal based logs reopening unavailable!
Puma starting in single mode...
* Version 3.12.0 (ruby 2.3.3-p222), codename: Llamas in Pajamas
* Min threads: 5, max threads: 5
* Environment: development
* Listening on tcp://0.0.0.0:3000
Use Ctrl-C to stop
Started GET "/tickets" for 127.0.0.1 at 2019-02-12 12:20:40 +0000
   (3.0ms)  SELECT "schema_migrations"."version" FROM "schema_migrations" ORDER BY "schema_migrations"."version" ASC
Processing by TicketsController#index as HTML
  Rendering tickets/index.html.erb within layouts/application
  Ticket Load (2.0ms)  SELECT "tickets".* FROM "tickets"
  Rendered tickets/index.html.erb within layouts/application (89.0ms)
Completed 200 OK in 2056ms (Views: 1699.2ms | ActiveRecord: 10.0ms)


Started GET "/tickets/1/edit" for 127.0.0.1 at 2019-02-12 12:21:14 +0000
Processing by TicketsController#edit as HTML
  Parameters: {"id"=>"1"}
  Ticket Load (1.0ms)  SELECT  "tickets".* FROM "tickets" WHERE "tickets"."id" = ? LIMIT ?  [["id", 1], ["LIMIT", 1]]
  Rendering tickets/edit.html.erb within layouts/application
  Rendered tickets/_form.html.erb (151.2ms)
  Rendered tickets/edit.html.erb within layouts/application (373.1ms)
Completed 200 OK in 1459ms (Views: 1198.8ms | ActiveRecord: 2.0ms)


Started GET "/tickets" for 127.0.0.1 at 2019-02-12 12:21:19 +0000
Processing by TicketsController#index as HTML
  Rendering tickets/index.html.erb within layouts/application
  Ticket Load (2.0ms)  SELECT "tickets".* FROM "tickets"
  Rendered tickets/index.html.erb within layouts/application (7.0ms)
Completed 200 OK in 1024ms (Views: 818.0ms | ActiveRecord: 2.0ms)


Started GET "/tickets/5/edit" for 127.0.0.1 at 2019-02-12 12:24:50 +0000
Processing by TicketsController#edit as HTML
  Parameters: {"id"=>"5"}
  Ticket Load (1.0ms)  SELECT  "tickets".* FROM "tickets" WHERE "tickets"."id" = ? LIMIT ?  [["id", 5], ["LIMIT", 1]]
  Rendering tickets/edit.html.erb within layouts/application
  Rendered tickets/_form.html.erb (5.0ms)
  Rendered tickets/edit.html.erb within layouts/application (226.9ms)
Completed 200 OK in 1299ms (Views: 1032.4ms | ActiveRecord: 10.0ms)


Started PATCH "/tickets/5" for 127.0.0.1 at 2019-02-12 12:25:07 +0000
Processing by TicketsController#update as HTML
  Parameters: {"utf8"=>"?", "authenticity_token"=>"JvOoGeKxfpknv77xobQTshPApxHwKxrEDQ4FK71Yl1Gzonlz4URtRXvSrihcHTugTtKCwE88irMgTcu2MGdv6w==", "ticket"=>{"name"=>"Tim Horton", "seat_id_seq"=>"12B", "address"=>"99 Alamos Drv.", "price_paid"=>"80.0", "email_address"=>"thorton@lumix.com", "phone"=>"077584151111"}, "commit"=>"Update Ticket", "id"=>"5"}
  Ticket Load (3.0ms)  SELECT  "tickets".* FROM "tickets" WHERE "tickets"."id" = ? LIMIT ?  [["id", 5], ["LIMIT", 1]]
   (0.0ms)  begin transaction
  SQL (5.0ms)  UPDATE "tickets" SET "phone" = ?, "updated_at" = ? WHERE "tickets"."id" = ?  [["phone", "077584151111"], ["updated_at", "2019-02-12 12:25:07.302527"], ["id", 5]]
   (92.1ms)  commit transaction
Redirected to http://127.0.0.1:3000/tickets/5
Completed 302 Found in 112ms (ActiveRecord: 100.1ms)


Started GET "/tickets/5" for 127.0.0.1 at 2019-02-12 12:25:07 +0000
Processing by TicketsController#show as HTML
  Parameters: {"id"=>"5"}
  Ticket Load (1.0ms)  SELECT  "tickets".* FROM "tickets" WHERE "tickets"."id" = ? LIMIT ?  [["id", 5], ["LIMIT", 1]]
  Rendering tickets/show.html.erb within layouts/application
  Rendered tickets/show.html.erb within layouts/application (2.0ms)
Completed 200 OK in 1050ms (Views: 825.9ms | ActiveRecord: 1.0ms)


Started GET "/tickets" for 127.0.0.1 at 2019-02-12 12:25:10 +0000
Processing by TicketsController#index as HTML
  Rendering tickets/index.html.erb within layouts/application
  Ticket Load (2.0ms)  SELECT "tickets".* FROM "tickets"
  Rendered tickets/index.html.erb within layouts/application (7.0ms)
Completed 200 OK in 1034ms (Views: 827.7ms | ActiveRecord: 2.0ms)


Started GET "/tickets/1/edit" for 127.0.0.1 at 2019-02-12 12:29:12 +0000
Processing by TicketsController#edit as HTML
  Parameters: {"id"=>"1"}
  Ticket Load (1.0ms)  SELECT  "tickets".* FROM "tickets" WHERE "tickets"."id" = ? LIMIT ?  [["id", 1], ["LIMIT", 1]]
  Rendering tickets/edit.html.erb within layouts/application
  Rendered tickets/_form.html.erb (6.0ms)
  Rendered tickets/edit.html.erb within layouts/application (225.9ms)
Completed 200 OK in 1232ms (Views: 1022.0ms | ActiveRecord: 1.0ms)


Started PATCH "/tickets/1" for 127.0.0.1 at 2019-02-12 12:29:27 +0000
Processing by TicketsController#update as HTML
  Parameters: {"utf8"=>"?", "authenticity_token"=>"xTrTCqloJxNksxzyf/3isYKoyhaalK3nDS2wX43RiWt2O4b3dJ5DomjKd7dYazqVzLA2ZJcR6g0AoIfFEzUKgQ==", "ticket"=>{"name"=>"Alan Tickmarsh", "seat_id_seq"=>"1A", "address"=>"125 Thronch Way", "price_paid"=>"125.0", "email_address"=>"at@aol.co.uk", "phone"=>"02920777777"}, "commit"=>"Update Ticket", "id"=>"1"}
  Ticket Load (1.0ms)  SELECT  "tickets".* FROM "tickets" WHERE "tickets"."id" = ? LIMIT ?  [["id", 1], ["LIMIT", 1]]
   (0.0ms)  begin transaction
  SQL (6.1ms)  UPDATE "tickets" SET "phone" = ?, "updated_at" = ? WHERE "tickets"."id" = ?  [["phone", "02920777777"], ["updated_at", "2019-02-12 12:29:27.890263"], ["id", 1]]
   (73.2ms)  commit transaction
Redirected to http://127.0.0.1:3000/tickets/1
Completed 302 Found in 92ms (ActiveRecord: 80.3ms)


Started GET "/tickets/1" for 127.0.0.1 at 2019-02-12 12:29:28 +0000
Processing by TicketsController#show as HTML
  Parameters: {"id"=>"1"}
  Ticket Load (1.0ms)  SELECT  "tickets".* FROM "tickets" WHERE "tickets"."id" = ? LIMIT ?  [["id", 1], ["LIMIT", 1]]
  Rendering tickets/show.html.erb within layouts/application
  Rendered tickets/show.html.erb within layouts/application (2.0ms)
Completed 200 OK in 994ms (Views: 774.2ms | ActiveRecord: 1.0ms)


Started GET "/tickets" for 127.0.0.1 at 2019-02-12 12:29:31 +0000
Processing by TicketsController#index as HTML
  Rendering tickets/index.html.erb within layouts/application
  Ticket Load (1.0ms)  SELECT "tickets".* FROM "tickets"
  Rendered tickets/index.html.erb within layouts/application (7.0ms)
Completed 200 OK in 979ms (Views: 777.2ms | ActiveRecord: 1.0ms)


Started GET "/tickets/3/edit" for 127.0.0.1 at 2019-02-12 12:29:42 +0000
Processing by TicketsController#edit as HTML
  Parameters: {"id"=>"3"}
  Ticket Load (1.0ms)  SELECT  "tickets".* FROM "tickets" WHERE "tickets"."id" = ? LIMIT ?  [["id", 3], ["LIMIT", 1]]
  Rendering tickets/edit.html.erb within layouts/application
  Rendered tickets/_form.html.erb (4.0ms)
  Rendered tickets/edit.html.erb within layouts/application (222.9ms)
Completed 200 OK in 1214ms (Views: 1002.7ms | ActiveRecord: 1.0ms)


Started PATCH "/tickets/3" for 127.0.0.1 at 2019-02-12 12:29:54 +0000
Processing by TicketsController#update as HTML
  Parameters: {"utf8"=>"?", "authenticity_token"=>"VAj38D2YScufshgP+Ycd4cZ3hZVOsgOeRVtaPoAXVYn0+IsL1w34+Eq6MavBqhHdfQK8A/y5QLxBdNz6ap8tQg==", "ticket"=>{"name"=>"Raul Julia", "seat_id_seq"=>"2A", "address"=>"125 Newbury Rd.", "price_paid"=>"125.0", "email_address"=>"rj123@lycos.co.uk", "phone"=>"0161273223264"}, "commit"=>"Update Ticket", "id"=>"3"}
  Ticket Load (1.0ms)  SELECT  "tickets".* FROM "tickets" WHERE "tickets"."id" = ? LIMIT ?  [["id", 3], ["LIMIT", 1]]
   (0.0ms)  begin transaction
  SQL (6.0ms)  UPDATE "tickets" SET "phone" = ?, "updated_at" = ? WHERE "tickets"."id" = ?  [["phone", "0161273223264"], ["updated_at", "2019-02-12 12:29:54.292407"], ["id", 3]]
   (80.6ms)  commit transaction
Redirected to http://127.0.0.1:3000/tickets/3
Completed 302 Found in 100ms (ActiveRecord: 87.6ms)


Started GET "/tickets/3" for 127.0.0.1 at 2019-02-12 12:29:54 +0000
Processing by TicketsController#show as HTML
  Parameters: {"id"=>"3"}
  Ticket Load (2.0ms)  SELECT  "tickets".* FROM "tickets" WHERE "tickets"."id" = ? LIMIT ?  [["id", 3], ["LIMIT", 1]]
  Rendering tickets/show.html.erb within layouts/application
  Rendered tickets/show.html.erb within layouts/application (1.0ms)
Completed 200 OK in 1005ms (Views: 789.8ms | ActiveRecord: 2.0ms)


Started GET "/tickets" for 127.0.0.1 at 2019-02-12 12:29:57 +0000
Processing by TicketsController#index as HTML
  Rendering tickets/index.html.erb within layouts/application
  Ticket Load (1.0ms)  SELECT "tickets".* FROM "tickets"
  Rendered tickets/index.html.erb within layouts/application (7.0ms)
Completed 200 OK in 974ms (Views: 771.8ms | ActiveRecord: 1.0ms)


Started GET "/tickets/3/edit" for 127.0.0.1 at 2019-02-12 12:30:05 +0000
Processing by TicketsController#edit as HTML
  Parameters: {"id"=>"3"}
  Ticket Load (1.0ms)  SELECT  "tickets".* FROM "tickets" WHERE "tickets"."id" = ? LIMIT ?  [["id", 3], ["LIMIT", 1]]
  Rendering tickets/edit.html.erb within layouts/application
  Rendered tickets/_form.html.erb (4.0ms)
  Rendered tickets/edit.html.erb within layouts/application (221.9ms)
Completed 200 OK in 1203ms (Views: 998.8ms | ActiveRecord: 1.0ms)


Started PATCH "/tickets/3" for 127.0.0.1 at 2019-02-12 12:30:13 +0000
Processing by TicketsController#update as HTML
  Parameters: {"utf8"=>"?", "authenticity_token"=>"8D6jLpiJTapj58FgtvXbFYjDWhUqcNYOrdjOejj0W89Qzt/Vchz8mbbv6MSO2NcpM7Zjg5h7lSyp90i+0nwjBA==", "ticket"=>{"name"=>"Raul Julia", "seat_id_seq"=>"2A", "address"=>"125 Newbury Rd.", "price_paid"=>"125.0", "email_address"=>"rj123@lycos.co.uk", "phone"=>"01612732232"}, "commit"=>"Update Ticket", "id"=>"3"}
  Ticket Load (2.0ms)  SELECT  "tickets".* FROM "tickets" WHERE "tickets"."id" = ? LIMIT ?  [["id", 3], ["LIMIT", 1]]
   (0.0ms)  begin transaction
  SQL (5.9ms)  UPDATE "tickets" SET "phone" = ?, "updated_at" = ? WHERE "tickets"."id" = ?  [["phone", "01612732232"], ["updated_at", "2019-02-12 12:30:13.563002"], ["id", 3]]
   (85.5ms)  commit transaction
Redirected to http://127.0.0.1:3000/tickets/3
Completed 302 Found in 113ms (ActiveRecord: 93.4ms)


Started GET "/tickets/3" for 127.0.0.1 at 2019-02-12 12:30:13 +0000
Processing by TicketsController#show as HTML
  Parameters: {"id"=>"3"}
  Ticket Load (2.0ms)  SELECT  "tickets".* FROM "tickets" WHERE "tickets"."id" = ? LIMIT ?  [["id", 3], ["LIMIT", 1]]
  Rendering tickets/show.html.erb within layouts/application
  Rendered tickets/show.html.erb within layouts/application (1.0ms)
Completed 200 OK in 1003ms (Views: 783.6ms | ActiveRecord: 2.0ms)


Started GET "/tickets" for 127.0.0.1 at 2019-02-12 12:30:16 +0000
Processing by TicketsController#index as HTML
  Rendering tickets/index.html.erb within layouts/application
  Ticket Load (1.0ms)  SELECT "tickets".* FROM "tickets"
  Rendered tickets/index.html.erb within layouts/application (6.0ms)
Completed 200 OK in 995ms (Views: 777.7ms | ActiveRecord: 1.0ms)


Started GET "/tickets/5/edit" for 127.0.0.1 at 2019-02-12 12:30:22 +0000
Processing by TicketsController#edit as HTML
  Parameters: {"id"=>"5"}
  Ticket Load (1.0ms)  SELECT  "tickets".* FROM "tickets" WHERE "tickets"."id" = ? LIMIT ?  [["id", 5], ["LIMIT", 1]]
  Rendering tickets/edit.html.erb within layouts/application
  Rendered tickets/_form.html.erb (5.0ms)
  Rendered tickets/edit.html.erb within layouts/application (230.9ms)
Completed 200 OK in 1200ms (Views: 995.5ms | ActiveRecord: 1.0ms)


Started PATCH "/tickets/5" for 127.0.0.1 at 2019-02-12 12:30:35 +0000
Processing by TicketsController#update as HTML
  Parameters: {"utf8"=>"?", "authenticity_token"=>"tNog3sqMP+jWgnpAoh2i89ZOrgiS29S5NTM6BpHjwhYhi/G0yXksNIrvaplftIrhi1yL2S3MRM4YcPSbHNw6rA==", "ticket"=>{"name"=>"Tim Horton", "seat_id_seq"=>"12B", "address"=>"99 Alamos Drv.", "price_paid"=>"80.0", "email_address"=>"thorton@lumix.com", "phone"=>"077584151"}, "commit"=>"Update Ticket", "id"=>"5"}
  Ticket Load (1.0ms)  SELECT  "tickets".* FROM "tickets" WHERE "tickets"."id" = ? LIMIT ?  [["id", 5], ["LIMIT", 1]]
   (0.0ms)  begin transaction
  SQL (7.3ms)  UPDATE "tickets" SET "phone" = ?, "updated_at" = ? WHERE "tickets"."id" = ?  [["phone", "077584151"], ["updated_at", "2019-02-12 12:30:35.872635"], ["id", 5]]
   (174.1ms)  commit transaction
Redirected to http://127.0.0.1:3000/tickets/5
Completed 302 Found in 203ms (ActiveRecord: 182.4ms)


Started GET "/tickets/5" for 127.0.0.1 at 2019-02-12 12:30:36 +0000
Processing by TicketsController#show as HTML
  Parameters: {"id"=>"5"}
  Ticket Load (2.0ms)  SELECT  "tickets".* FROM "tickets" WHERE "tickets"."id" = ? LIMIT ?  [["id", 5], ["LIMIT", 1]]
  Rendering tickets/show.html.erb within layouts/application
  Rendered tickets/show.html.erb within layouts/application (1.0ms)
Completed 200 OK in 1014ms (Views: 795.0ms | ActiveRecord: 2.0ms)


Started GET "/tickets" for 127.0.0.1 at 2019-02-12 12:30:39 +0000
Processing by TicketsController#index as HTML
  Rendering tickets/index.html.erb within layouts/application
  Ticket Load (2.0ms)  SELECT "tickets".* FROM "tickets"
  Rendered tickets/index.html.erb within layouts/application (7.0ms)
Completed 200 OK in 977ms (Views: 770.6ms | ActiveRecord: 2.0ms)


- Gracefully stopping, waiting for requests to finish
=== puma shutdown: 2019-02-12 12:42:30 +0000 ===
- Goodbye!
Exiting
Terminate batch job (Y/N)? y

C:\Sites\tickets>rails g scaffold event artist:string description:text price_low:decimal price_high:decimal event_date:date
      invoke  active_record
      create    db/migrate/20190212124621_create_events.rb
      create    app/models/event.rb
      invoke    test_unit
      create      test/models/event_test.rb
      create      test/fixtures/events.yml
      invoke  resource_route
       route    resources :events
      invoke  scaffold_controller
      create    app/controllers/events_controller.rb
      invoke    erb
      create      app/views/events
      create      app/views/events/index.html.erb
      create      app/views/events/edit.html.erb
      create      app/views/events/show.html.erb
      create      app/views/events/new.html.erb
      create      app/views/events/_form.html.erb
      invoke    test_unit
      create      test/controllers/events_controller_test.rb
      invoke    helper
      create      app/helpers/events_helper.rb
      invoke      test_unit
      invoke    jbuilder
      create      app/views/events/index.json.jbuilder
      create      app/views/events/show.json.jbuilder
      create      app/views/events/_event.json.jbuilder
      invoke  test_unit
      create    test/system/events_test.rb
      invoke  assets
      invoke    coffee
      create      app/assets/javascripts/events.coffee
      invoke    scss
      create      app/assets/stylesheets/events.scss
      invoke  scss
   identical    app/assets/stylesheets/scaffolds.scss

C:\Sites\tickets>rake db:migrate
== 20190212124621 CreateEvents: migrating =====================================
-- create_table(:events)
   -> 0.0104s
== 20190212124621 CreateEvents: migrated (0.0117s) ============================


C:\Sites\tickets>rails s
=> Booting Puma
=> Rails 5.1.6.1 application starting in development
=> Run `rails server -h` for more startup options
*** SIGUSR2 not implemented, signal based restart unavailable!
*** SIGUSR1 not implemented, signal based restart unavailable!
*** SIGHUP not implemented, signal based logs reopening unavailable!
Puma starting in single mode...
* Version 3.12.0 (ruby 2.3.3-p222), codename: Llamas in Pajamas
* Min threads: 5, max threads: 5
* Environment: development
* Listening on tcp://0.0.0.0:3000
Use Ctrl-C to stop
Started GET "/events" for 127.0.0.1 at 2019-02-12 12:56:24 +0000
   (2.0ms)  SELECT "schema_migrations"."version" FROM "schema_migrations" ORDER BY "schema_migrations"."version" ASC
Processing by EventsController#index as HTML
  Rendering events/index.html.erb within layouts/application
  Event Load (1.0ms)  SELECT "events".* FROM "events"
  Rendered events/index.html.erb within layouts/application (29.0ms)
Completed 200 OK in 6724ms (Views: 6443.9ms | ActiveRecord: 3.0ms)


Started GET "/events" for 127.0.0.1 at 2019-02-12 12:58:35 +0000
Processing by EventsController#index as HTML
  Rendering events/index.html.erb within layouts/application
  Event Load (1.0ms)  SELECT "events".* FROM "events"
  Rendered events/index.html.erb within layouts/application (6.0ms)
Completed 200 OK in 1038ms (Views: 817.7ms | ActiveRecord: 1.0ms)


Started GET "/events/new" for 127.0.0.1 at 2019-02-12 12:59:03 +0000
Processing by EventsController#new as HTML
  Rendering events/new.html.erb within layouts/application
  Rendered events/_form.html.erb (223.2ms)
  Rendered events/new.html.erb within layouts/application (441.1ms)
Completed 200 OK in 1474ms (Views: 1254.1ms | ActiveRecord: 4.0ms)


Started POST "/events" for 127.0.0.1 at 2019-02-12 13:00:06 +0000
Processing by EventsController#create as HTML
  Parameters: {"utf8"=>"?", "authenticity_token"=>"hls4F/CY4MpV8ypb7Mir1T6OI0KHR3DCriworYzHUX2q6YmvOepc+GvnnCWgH5ggXXG38BAKWn30TDPJB/AAcg==", "event"=>{"artist"=>"ELO tribute band", "description"=>"Electric Laugh Orchestra, commedy", "price_low"=>"60", "price_high"=>"125", "event_date(1i)"=>"2019", "event_date(2i)"=>"2", "event_date(3i)"=>"25"}, "commit"=>"Create Event"}
   (0.0ms)  begin transaction
  SQL (21.1ms)  INSERT INTO "events" ("artist", "description", "price_low", "price_high", "event_date", "created_at", "updated_at") VALUES (?, ?, ?, ?, ?, ?, ?)  [["artist", "ELO tribute band"], ["description", "Electric Laugh Orchestra, commedy"], ["price_low", 60.0], ["price_high", 125.0], ["event_date", "2019-02-25"], ["created_at", "2019-02-12 13:00:06.296878"], ["updated_at", "2019-02-12 13:00:06.296878"]]
   (183.6ms)  commit transaction
Redirected to http://127.0.0.1:3000/events/1
Completed 302 Found in 225ms (ActiveRecord: 204.7ms)


Started GET "/events/1" for 127.0.0.1 at 2019-02-12 13:00:06 +0000
Processing by EventsController#show as HTML
  Parameters: {"id"=>"1"}
  Event Load (2.0ms)  SELECT  "events".* FROM "events" WHERE "events"."id" = ? LIMIT ?  [["id", 1], ["LIMIT", 1]]
  Rendering events/show.html.erb within layouts/application
  Rendered events/show.html.erb within layouts/application (2.0ms)
Completed 200 OK in 1126ms (Views: 834.3ms | ActiveRecord: 2.0ms)


Started GET "/events" for 127.0.0.1 at 2019-02-12 13:00:09 +0000
Processing by EventsController#index as HTML
  Rendering events/index.html.erb within layouts/application
  Event Load (2.0ms)  SELECT "events".* FROM "events"
  Rendered events/index.html.erb within layouts/application (5.0ms)
Completed 200 OK in 1020ms (Views: 809.2ms | ActiveRecord: 2.0ms)


- Gracefully stopping, waiting for requests to finish
=== puma shutdown: 2019-02-12 13:00:53 +0000 ===
- Goodbye!
Exiting
Terminate batch job (Y/N)? y

C:\Sites\tickets>cd ..

C:\Sites>rails new mebay
      create
      create  README.md
      create  Rakefile
      create  config.ru
      create  .gitignore
      create  Gemfile
         run  git init from "."
Initialized empty Git repository in C:/Sites/mebay/.git/
      create  app
      create  app/assets/config/manifest.js
      create  app/assets/javascripts/application.js
      create  app/assets/javascripts/cable.js
      create  app/assets/stylesheets/application.css
      create  app/channels/application_cable/channel.rb
      create  app/channels/application_cable/connection.rb
      create  app/controllers/application_controller.rb
      create  app/helpers/application_helper.rb
      create  app/jobs/application_job.rb
      create  app/mailers/application_mailer.rb
      create  app/models/application_record.rb
      create  app/views/layouts/application.html.erb
      create  app/views/layouts/mailer.html.erb
      create  app/views/layouts/mailer.text.erb
      create  app/assets/images/.keep
      create  app/assets/javascripts/channels
      create  app/assets/javascripts/channels/.keep
      create  app/controllers/concerns/.keep
      create  app/models/concerns/.keep
      create  bin
      create  bin/bundle
      create  bin/rails
      create  bin/rake
      create  bin/setup
      create  bin/update
      create  bin/yarn
      create  config
      create  config/routes.rb
      create  config/application.rb
      create  config/environment.rb
      create  config/secrets.yml
      create  config/cable.yml
      create  config/puma.rb
      create  config/environments
      create  config/environments/development.rb
      create  config/environments/production.rb
      create  config/environments/test.rb
      create  config/initializers
      create  config/initializers/application_controller_renderer.rb
      create  config/initializers/assets.rb
      create  config/initializers/backtrace_silencers.rb
      create  config/initializers/cookies_serializer.rb
      create  config/initializers/cors.rb
      create  config/initializers/filter_parameter_logging.rb
      create  config/initializers/inflections.rb
      create  config/initializers/mime_types.rb
      create  config/initializers/new_framework_defaults_5_1.rb
      create  config/initializers/wrap_parameters.rb
      create  config/locales
      create  config/locales/en.yml
      create  config/boot.rb
      create  config/database.yml
      create  db
      create  db/seeds.rb
      create  lib
      create  lib/tasks
      create  lib/tasks/.keep
      create  lib/assets
      create  lib/assets/.keep
      create  log
      create  log/.keep
      create  public
      create  public/404.html
      create  public/422.html
      create  public/500.html
      create  public/apple-touch-icon-precomposed.png
      create  public/apple-touch-icon.png
      create  public/favicon.ico
      create  public/robots.txt
      create  test/fixtures
      create  test/fixtures/.keep
      create  test/fixtures/files
      create  test/fixtures/files/.keep
      create  test/controllers
      create  test/controllers/.keep
      create  test/mailers
      create  test/mailers/.keep
      create  test/models
      create  test/models/.keep
      create  test/helpers
      create  test/helpers/.keep
      create  test/integration
      create  test/integration/.keep
      create  test/test_helper.rb
      create  test/system
      create  test/system/.keep
      create  test/application_system_test_case.rb
      create  tmp
      create  tmp/.keep
      create  tmp/cache
      create  tmp/cache/assets
      create  vendor
      create  vendor/.keep
      create  package.json
      remove  config/initializers/cors.rb
      remove  config/initializers/new_framework_defaults_5_1.rb
         run  bundle install
The latest bundler is 2.0.1, but you are currently running 1.15.3.
To update, run `gem install bundler`
Fetching gem metadata from https://rubygems.org/...........
Fetching version metadata from https://rubygems.org/...
Fetching dependency metadata from https://rubygems.org/..
Resolving dependencies.....
Using rake 12.3.2
Using concurrent-ruby 1.1.4
Using minitest 5.11.3
Using thread_safe 0.3.6
Using builder 3.2.3
Using erubi 1.8.0
Using mini_portile2 2.4.0
Using crass 1.0.4
Using rack 2.0.6
Using nio4r 2.3.1
Using websocket-extensions 0.1.3
Using mini_mime 1.0.1
Using arel 8.0.0
Using public_suffix 3.0.3
Using bindex 0.5.0
Using bundler 1.15.3
Using byebug 10.0.2
Using ffi 1.10.0 (x86-mingw32)
Using coffee-script-source 1.12.2
Using execjs 2.7.0
Using method_source 0.9.2
Using thor 0.20.3
Using multi_json 1.13.1
Using puma 3.12.0
Using rb-fsevent 0.10.3
Using rubyzip 1.2.2
Using tilt 2.0.9
Fetching sqlite3 1.4.0
Installing sqlite3 1.4.0 with native extensions
Using turbolinks-source 5.2.0
Using i18n 1.5.3
Using tzinfo 1.2.5
Using nokogiri 1.10.1 (x86-mingw32)
Using rack-test 1.1.0
Using sprockets 3.7.2
Using websocket-driver 0.6.5
Using mail 2.7.1
Using addressable 2.6.0
Using childprocess 0.9.0
Using rb-inotify 0.10.0
Using coffee-script 2.4.1
Using uglifier 4.1.20
Gem::Ext::BuildError: ERROR: Failed to build gem native extension.

current directory:
C:/RailsInstaller/Ruby2.3.3/lib/ruby/gems/2.3.0/gems/sqlite3-1.4.0/ext/sqlite3
C:/RailsInstaller/Ruby2.3.3/bin/ruby.exe -r ./siteconf20190212-12916-k2qagl.rb
extconf.rb
checking for sqlite3.h... no
sqlite3.h is missing. Install SQLite3 from http://www.sqlite.org/ first.
*** extconf.rb failed ***
Could not create Makefile due to some reason, probably lack of necessary
libraries and/or headers.  Check the mkmf.log file for more details.  You may
need configuration options.

Provided configuration options:
        --with-opt-dir
        --without-opt-dir
        --with-opt-include
        --without-opt-include=${opt-dir}/include
        --with-opt-lib
        --without-opt-lib=${opt-dir}/lib
        --with-make-prog
        --without-make-prog
        --srcdir=.
        --curdir
        --ruby=C:/RailsInstaller/Ruby2.3.3/bin/$(RUBY_BASE_NAME)
        --with-sqlcipher
        --without-sqlcipher
        --with-sqlite3-config
        --without-sqlite3-config
        --with-pkg-config
        --without-pkg-config
        --with-sqlcipher
        --without-sqlcipher
        --with-sqlite3-dir
        --without-sqlite3-dir
        --with-sqlite3-include
        --without-sqlite3-include=${sqlite3-dir}/include
        --with-sqlite3-lib
        --without-sqlite3-lib=${sqlite3-dir}/lib

To see why this extension failed to compile, please check the mkmf.log which can
be found here:

C:/RailsInstaller/Ruby2.3.3/lib/ruby/gems/2.3.0/extensions/x86-mingw32/2.3.0/sqlite3-1.4.0/mkmf.log

extconf failed, exit code 1

Gem files will remain installed in
C:/RailsInstaller/Ruby2.3.3/lib/ruby/gems/2.3.0/gems/sqlite3-1.4.0 for
inspection.
Results logged to
C:/RailsInstaller/Ruby2.3.3/lib/ruby/gems/2.3.0/extensions/x86-mingw32/2.3.0/sqlite3-1.4.0/gem_make.out

An error occurred while installing sqlite3 (1.4.0), and Bundler cannot continue.
Make sure that `gem install sqlite3 -v '1.4.0'` succeeds before bundling.

In Gemfile:
  sqlite3

C:\Sites>dir
 Volume in drive C has no label.
 Volume Serial Number is A0B0-EEC1

 Directory of C:\Sites

12/02/2019  13:38    <DIR>          .
12/02/2019  13:38    <DIR>          ..
05/02/2019  18:23    <DIR>          DSDemo
12/02/2019  11:02    <DIR>          dsinterface
22/01/2019  10:30    <DIR>          HFRoR
22/01/2019  12:54    <DIR>          HFRoRExercises
12/02/2019  13:38    <DIR>          mebay
06/02/2019  13:53    <DIR>          tickets
22/01/2019  14:00    <DIR>          todo
               0 File(s)              0 bytes
               9 Dir(s)  88,901,550,080 bytes free

C:\Sites>cd mebay

C:\Sites\mebay>rails g model ad name:string description:text price:decimal seller_id:integer email:string img_url:string
      invoke  active_record
      create    db/migrate/20190212134201_create_ads.rb
      create    app/models/ad.rb
      invoke    test_unit
      create      test/models/ad_test.rb
      create      test/fixtures/ads.yml

C:\Sites\mebay>rake db:migrate
== 20190212134201 CreateAds: migrating ========================================
-- create_table(:ads)
   -> 0.0097s
== 20190212134201 CreateAds: migrated (0.0107s) ===============================


C:\Sites\mebay>rails g controller ads
      create  app/controllers/ads_controller.rb
      invoke  erb
      create    app/views/ads
      invoke  test_unit
      create    test/controllers/ads_controller_test.rb
      invoke  helper
      create    app/helpers/ads_helper.rb
      invoke    test_unit
      invoke  assets
      invoke    coffee
      create      app/assets/javascripts/ads.coffee
      invoke    scss
      create      app/assets/stylesheets/ads.scss

C:\Sites\mebay>rails s
=> Booting Puma
=> Rails 5.1.6.1 application starting in development
=> Run `rails server -h` for more startup options
*** SIGUSR2 not implemented, signal based restart unavailable!
*** SIGUSR1 not implemented, signal based restart unavailable!
*** SIGHUP not implemented, signal based logs reopening unavailable!
Puma starting in single mode...
* Version 3.12.0 (ruby 2.3.3-p222), codename: Llamas in Pajamas
* Min threads: 5, max threads: 5
* Environment: development
* Listening on tcp://0.0.0.0:3000
Use Ctrl-C to stop
Started GET "/" for 127.0.0.1 at 2019-02-12 13:49:29 +0000
   (1.0ms)  SELECT "schema_migrations"."version" FROM "schema_migrations" ORDER BY "schema_migrations"."version" ASC
Processing by Rails::WelcomeController#index as HTML
  Rendering C:/RailsInstaller/Ruby2.3.3/lib/ruby/gems/2.3.0/gems/railties-5.1.6.1/lib/rails/templates/rails/welcome/index.html.erb
  Rendered C:/RailsInstaller/Ruby2.3.3/lib/ruby/gems/2.3.0/gems/railties-5.1.6.1/lib/rails/templates/rails/welcome/index.html.erb (20.0ms)
Completed 200 OK in 1225ms (Views: 610.4ms | ActiveRecord: 0.0ms)


Started GET "/ads/3" for 127.0.0.1 at 2019-02-12 13:49:45 +0000

ActionController::RoutingError (No route matches [GET] "/ads/3"):

actionpack (5.1.6.1) lib/action_dispatch/middleware/debug_exceptions.rb:63:in `call'
web-console (3.7.0) lib/web_console/middleware.rb:135:in `call_app'
web-console (3.7.0) lib/web_console/middleware.rb:30:in `block in call'
web-console (3.7.0) lib/web_console/middleware.rb:20:in `catch'
web-console (3.7.0) lib/web_console/middleware.rb:20:in `call'
actionpack (5.1.6.1) lib/action_dispatch/middleware/show_exceptions.rb:31:in `call'
railties (5.1.6.1) lib/rails/rack/logger.rb:36:in `call_app'
railties (5.1.6.1) lib/rails/rack/logger.rb:24:in `block in call'
activesupport (5.1.6.1) lib/active_support/tagged_logging.rb:69:in `block in tagged'
activesupport (5.1.6.1) lib/active_support/tagged_logging.rb:26:in `tagged'
activesupport (5.1.6.1) lib/active_support/tagged_logging.rb:69:in `tagged'
railties (5.1.6.1) lib/rails/rack/logger.rb:24:in `call'
sprockets-rails (3.2.1) lib/sprockets/rails/quiet_assets.rb:13:in `call'
actionpack (5.1.6.1) lib/action_dispatch/middleware/remote_ip.rb:79:in `call'
actionpack (5.1.6.1) lib/action_dispatch/middleware/request_id.rb:25:in `call'
rack (2.0.6) lib/rack/method_override.rb:22:in `call'
rack (2.0.6) lib/rack/runtime.rb:22:in `call'
activesupport (5.1.6.1) lib/active_support/cache/strategy/local_cache_middleware.rb:27:in `call'
actionpack (5.1.6.1) lib/action_dispatch/middleware/executor.rb:12:in `call'
actionpack (5.1.6.1) lib/action_dispatch/middleware/static.rb:125:in `call'
rack (2.0.6) lib/rack/sendfile.rb:111:in `call'
railties (5.1.6.1) lib/rails/engine.rb:522:in `call'
puma (3.12.0) lib/puma/configuration.rb:225:in `call'
puma (3.12.0) lib/puma/server.rb:658:in `handle_request'
puma (3.12.0) lib/puma/server.rb:472:in `process_client'
puma (3.12.0) lib/puma/server.rb:332:in `block in run'
puma (3.12.0) lib/puma/thread_pool.rb:133:in `block in spawn_thread'
- Gracefully stopping, waiting for requests to finish
=== puma shutdown: 2019-02-12 13:59:34 +0000 ===
- Goodbye!
Exiting
Terminate batch job (Y/N)? y

C:\Sites\mebay>rails s
=> Booting Puma
=> Rails 5.1.6.1 application starting in development
=> Run `rails server -h` for more startup options
*** SIGUSR2 not implemented, signal based restart unavailable!
*** SIGUSR1 not implemented, signal based restart unavailable!
*** SIGHUP not implemented, signal based logs reopening unavailable!
Puma starting in single mode...
* Version 3.12.0 (ruby 2.3.3-p222), codename: Llamas in Pajamas
* Min threads: 5, max threads: 5
* Environment: development
* Listening on tcp://0.0.0.0:3000
Use Ctrl-C to stop
Started GET "/ads/3" for 127.0.0.1 at 2019-02-12 17:08:48 +0000
   (1.0ms)  SELECT "schema_migrations"."version" FROM "schema_migrations" ORDER BY "schema_migrations"."version" ASC
Processing by AdsController#show as HTML
  Parameters: {"id"=>"3"}
  Rendering ads/show.html.erb within layouts/application
  Rendered ads/show.html.erb within layouts/application (17.0ms)
Completed 500 Internal Server Error in 4444ms (ActiveRecord: 0.0ms)



ActionView::Template::Error (TypeError: Object doesn't support this property or method):
    4:     <title>Mebay</title>
    5:     <%= csrf_meta_tags %>
    6:
    7:     <%= stylesheet_link_tag    'application', media: 'all', 'data-turbolinks-track': 'reload' %>
    8:     <%= javascript_include_tag 'application', 'data-turbolinks-track': 'reload' %>
    9:   </head>
   10:

app/views/layouts/application.html.erb:7:in `_app_views_layouts_application_html_erb___550460330_44315580'
Started GET "/rails/info/routes?path=ads" for 127.0.0.1 at 2019-02-12 17:10:04 +0000
Processing by Rails::InfoController#routes as */*
  Parameters: {"path"=>"ads"}
Completed 200 OK in 2ms (Views: 0.5ms | ActiveRecord: 0.0ms)


Started GET "/ads/3" for 127.0.0.1 at 2019-02-12 17:12:28 +0000
Processing by AdsController#show as HTML
  Parameters: {"id"=>"3"}
  Rendering ads/show.html.erb within layouts/application
  Rendered ads/show.html.erb within layouts/application (1.0ms)
Completed 200 OK in 1364ms (Views: 1152.5ms | ActiveRecord: 0.0ms)


Started GET "/ads/5" for 127.0.0.1 at 2019-02-12 17:12:54 +0000
Processing by AdsController#show as HTML
  Parameters: {"id"=>"5"}
  Rendering ads/show.html.erb within layouts/application
  Rendered ads/show.html.erb within layouts/application (1.0ms)
Completed 200 OK in 1004ms (Views: 784.4ms | ActiveRecord: 0.0ms)


Started GET "/ads/15" for 127.0.0.1 at 2019-02-12 17:13:03 +0000
Processing by AdsController#show as HTML
  Parameters: {"id"=>"15"}
  Rendering ads/show.html.erb within layouts/application
  Rendered ads/show.html.erb within layouts/application (0.0ms)
Completed 200 OK in 982ms (Views: 768.6ms | ActiveRecord: 0.0ms)


Started GET "/ads/15" for 127.0.0.1 at 2019-02-12 17:23:19 +0000
Processing by AdsController#show as HTML
  Parameters: {"id"=>"15"}
  Rendering ads/show.html.erb within layouts/application
  Rendered ads/show.html.erb within layouts/application (212.9ms)
Completed 500 Internal Server Error in 1048ms (ActiveRecord: 0.0ms)



ActionView::Template::Error (undefined method `name' for nil:NilClass):
    2:
    3: <p>
    4:   <strong>Name:</strong>
    5:   <%= @ad.name %>
    6: </p>
    7:
    8: <p>

app/views/ads/show.html.erb:5:in `_app_views_ads_show_html_erb___535334695_44919624'
Started GET "/ads/1" for 127.0.0.1 at 2019-02-12 17:45:59 +0000
Processing by AdsController#show as HTML
  Parameters: {"id"=>"1"}
  Rendering ads/show.html.erb within layouts/application
  Rendered ads/show.html.erb within layouts/application (221.9ms)
Completed 500 Internal Server Error in 1105ms (ActiveRecord: 0.0ms)



ActionView::Template::Error (undefined method `name' for nil:NilClass):
    2:
    3: <p>
    4:   <strong>Name:</strong>
    5:   <%= @ad.name %>
    6: </p>
    7:
    8: <p>

app/views/ads/show.html.erb:5:in `_app_views_ads_show_html_erb___535334695_59478708'
- Gracefully stopping, waiting for requests to finish
=== puma shutdown: 2019-02-12 17:49:03 +0000 ===
- Goodbye!
Exiting
Terminate batch job (Y/N)? y

C:\Sites\mebay>rails s
=> Booting Puma
=> Rails 5.1.6.1 application starting in development
=> Run `rails server -h` for more startup options
*** SIGUSR2 not implemented, signal based restart unavailable!
*** SIGUSR1 not implemented, signal based restart unavailable!
*** SIGHUP not implemented, signal based logs reopening unavailable!
Puma starting in single mode...
* Version 3.12.0 (ruby 2.3.3-p222), codename: Llamas in Pajamas
* Min threads: 5, max threads: 5
* Environment: development
* Listening on tcp://0.0.0.0:3000
Use Ctrl-C to stop
Started GET "/ads/1" for 127.0.0.1 at 2019-02-12 17:55:05 +0000
   (2.0ms)  SELECT "schema_migrations"."version" FROM "schema_migrations" ORDER BY "schema_migrations"."version" ASC
Processing by AdsController#show as HTML
  Parameters: {"id"=>"1"}
  Rendering ads/show.html.erb within layouts/application
  Rendered ads/show.html.erb within layouts/application (420.7ms)
Completed 500 Internal Server Error in 1934ms (ActiveRecord: 0.0ms)



ActionView::Template::Error (undefined method `name' for nil:NilClass):
    2:
    3: <p>
    4:   <strong>Name:</strong>
    5:   <%= @ad.name %>
    6: </p>
    7:
    8: <p>

app/views/ads/show.html.erb:5:in `_app_views_ads_show_html_erb__334036199_43859856'
